2026-09-20 00:06:59.654 WARN  [HikariPool-1:housekeeper] com.zaxxer.hikari.pool.PoolBase - HikariPool-1 - Failed to validate connection org.postgresql.jdbc.PgConnection@3a6d4203 (This connection has been closed.). Possibly consider using a shorter maxLifetime value.
2026-09-20 00:39:15.402 WARN  [HikariPool-1:housekeeper] com.zaxxer.hikari.pool.PoolBase - HikariPool-1 - Failed to validate connection org.postgresql.jdbc.PgConnection@2ba20092 (This connection has been closed.). Possibly consider using a shorter maxLifetime value.
2026-09-20 00:50:05.150 WARN  [HikariPool-1:housekeeper] com.zaxxer.hikari.pool.HikariPool - HikariPool-1 - Thread starvation or clock leap detected (housekeeper delta=1h1m103ms).
2026-09-20 00:50:21.779 WARN  [HikariPool-1:housekeeper] com.zaxxer.hikari.pool.PoolBase - HikariPool-1 - Failed to validate connection org.postgresql.jdbc.PgConnection@1be84ea4 (This connection has been closed.). Possibly consider using a shorter maxLifetime value.
2026-09-20 00:50:33.257 WARN  [HikariPool-1:housekeeper] com.zaxxer.hikari.pool.PoolBase - HikariPool-1 - Failed to validate connection org.postgresql.jdbc.PgConnection@65335203 (This connection has been closed.). Possibly consider using a shorter maxLifetime value.
2026-09-20 00:50:37.690 WARN  [HikariPool-1:housekeeper] com.zaxxer.hikari.pool.PoolBase - HikariPool-1 - Failed to validate connection org.postgresql.jdbc.PgConnection@2ae16f28 (This connection has been closed.). Possibly consider using a shorter maxLifetime value.
2026-09-20 00:50:41.003 WARN  [HikariPool-1:housekeeper] com.zaxxer.hikari.pool.PoolBase - HikariPool-1 - Failed to validate connection org.postgresql.jdbc.PgConnection@71ce57f (This connection has been closed.). Possibly consider using a shorter maxLifetime value.
2026-09-20 00:50:57.239 WARN  [HikariPool-1:housekeeper] com.zaxxer.hikari.pool.PoolBase - HikariPool-1 - Failed to validate connection org.postgresql.jdbc.PgConnection@78c01cd5 (This connection has been closed.). Possibly consider using a shorter maxLifetime value.
2026-09-20 00:51:08.291 WARN  [HikariPool-1:housekeeper] com.zaxxer.hikari.pool.PoolBase - HikariPool-1 - Failed to validate connection org.postgresql.jdbc.PgConnection@697b30b (This connection has been closed.). Possibly consider using a shorter maxLifetime value.
2026-09-20 00:51:27.543 WARN  [HikariPool-1:housekeeper] com.zaxxer.hikari.pool.PoolBase - HikariPool-1 - Failed to validate connection org.postgresql.jdbc.PgConnection@1e1e0702 (This connection has been closed.). Possibly consider using a shorter maxLifetime value.
2026-09-20 00:51:29.125 WARN  [HikariPool-1:housekeeper] com.zaxxer.hikari.pool.PoolBase - HikariPool-1 - Failed to validate connection org.postgresql.jdbc.PgConnection@725408bc (This connection has been closed.). Possibly consider using a shorter maxLifetime value.
2026-09-20 00:51:32.225 WARN  [HikariPool-1:housekeeper] com.zaxxer.hikari.pool.PoolBase - HikariPool-1 - Failed to validate connection org.postgresql.jdbc.PgConnection@103bca1c (This connection has been closed.). Possibly consider using a shorter maxLifetime value.
2026-09-20 00:53:37.754 INFO  [SpringApplicationShutdownHook] o.s.boot.tomcat.GracefulShutdown - Commencing graceful shutdown. Waiting for active requests to complete
2026-09-20 00:53:37.760 INFO  [tomcat-shutdown] o.s.boot.tomcat.GracefulShutdown - Graceful shutdown complete
2026-09-20 00:53:37.762 INFO  [SpringApplicationShutdownHook] o.s.o.j.LocalContainerEntityManagerFactoryBean - Closing JPA EntityManagerFactory for persistence unit 'default'
2026-09-20 00:53:37.764 INFO  [SpringApplicationShutdownHook] com.zaxxer.hikari.HikariDataSource - HikariPool-1 - Shutdown initiated...
2026-09-20 00:53:39.799 INFO  [SpringApplicationShutdownHook] com.zaxxer.hikari.HikariDataSource - HikariPool-1 - Shutdown completed.
2026-09-20 00:54:08.786 INFO  [main] o.h.backend.BackendApplication - Starting BackendApplication using Java 26.0.2.1 with PID 98225 (/Users/SUJAN01/Desktop/HDFC_Practice/capstone/secure-auth/Backend/target/classes started by SUJAN01 in /Users/SUJAN01/Desktop/HDFC_Practice/capstone/secure-auth/Backend)
2026-09-20 00:54:08.787 DEBUG [main] o.h.backend.BackendApplication - Running with Spring Boot v4.1.1, Spring v7.0.9
2026-09-20 00:54:08.787 INFO  [main] o.h.backend.BackendApplication - No active profile set, falling back to 1 default profile: "default"
2026-09-20 00:54:09.009 INFO  [main] o.s.d.r.c.RepositoryConfigurationDelegate - Bootstrapping Spring Data JPA repositories in DEFAULT mode.
2026-09-20 00:54:09.028 INFO  [main] o.s.d.r.c.RepositoryConfigurationDelegate - Finished Spring Data repository scanning in 15 ms. Found 1 JPA repository interface.
2026-09-20 00:54:09.191 INFO  [main] o.s.boot.tomcat.TomcatWebServer - Tomcat initialized with port 8080 (http)
2026-09-20 00:54:09.195 INFO  [main] o.a.coyote.http11.Http11NioProtocol - Initializing ProtocolHandler ["http-nio-8080"]
2026-09-20 00:54:09.196 INFO  [main] o.a.catalina.core.StandardService - Starting service [Tomcat]
2026-09-20 00:54:09.196 INFO  [main] o.a.catalina.core.StandardEngine - Starting Servlet engine: [Apache Tomcat/11.0.24]
2026-09-20 00:54:09.211 INFO  [main] o.s.b.w.c.s.WebApplicationContextInitializer - Root WebApplicationContext: initialization completed in 408 ms
2026-09-20 00:54:09.227 DEBUG [main] o.h.b.logging.RequestLoggingFilter - Filter 'requestLoggingFilter' configured for use
2026-09-20 00:54:09.273 INFO  [main] org.hibernate.orm.jpa - HHH008540: Processing PersistenceUnitInfo [name: default]
2026-09-20 00:54:09.297 INFO  [main] org.hibernate.orm.core - HHH000001: Hibernate ORM core version 7.4.5.Final
2026-09-20 00:54:09.429 INFO  [main] o.s.o.j.p.SpringPersistenceUnitInfo - No LoadTimeWeaver setup: ignoring JPA class transformer
2026-09-20 00:54:09.440 INFO  [main] com.zaxxer.hikari.HikariDataSource - HikariPool-1 - Starting...
2026-09-20 00:54:12.627 INFO  [main] com.zaxxer.hikari.pool.HikariPool - HikariPool-1 - Added connection org.postgresql.jdbc.PgConnection@56402642
2026-09-20 00:54:12.629 INFO  [main] com.zaxxer.hikari.HikariDataSource - HikariPool-1 - Start completed.
2026-09-20 00:54:14.463 INFO  [main] o.hibernate.orm.connections.pooling - HHH10001005: Database info:
	Database JDBC URL [jdbc:postgresql://auth-db.ci36u0yu444y.us-east-1.rds.amazonaws.com:5432/authentication]
	Database driver: PostgreSQL JDBC Driver
	Database dialect: PostgreSQLDialect
	Database version: 18.3
	Default catalog/schema: authentication/public
	Autocommit mode: undefined/unknown
	Isolation level: READ_COMMITTED [default READ_COMMITTED]
	JDBC fetch size: none
	Pool: DataSourceConnectionProvider
	Minimum pool size: undefined/unknown
	Maximum pool size: undefined/unknown
2026-09-20 00:54:14.817 INFO  [main] org.hibernate.orm.core - HHH000489: No JTA platform available (set 'hibernate.transaction.jta.platform' to enable JTA platform integration)
2026-09-20 00:54:15.642 INFO  [main] o.s.o.j.LocalContainerEntityManagerFactoryBean - Initialized JPA EntityManagerFactory for persistence unit 'default'
2026-09-20 00:54:15.696 INFO  [main] o.s.d.j.r.q.QueryEnhancerFactories - Hibernate is in classpath; If applicable, HQL parser will be used.
2026-09-20 00:54:15.797 WARN  [main] o.s.b.j.a.JpaBaseConfiguration$JpaWebConfiguration - spring.jpa.open-in-view is enabled by default. Therefore, database queries may be performed during view rendering. Explicitly configure spring.jpa.open-in-view to disable this warning
2026-09-20 00:54:15.839 WARN  [main] o.s.b.s.a.UserDetailsServiceAutoConfiguration - 

Using generated security password: 704f4c81-bf37-4a13-8b2d-3dc41c751174

This generated password is for development use only. Your security configuration must be updated before running your application in production.

2026-09-20 00:54:15.843 INFO  [main] o.s.s.c.a.a.c.InitializeUserDetailsBeanManagerConfigurer$InitializeUserDetailsManagerConfigurer - Global AuthenticationManager configured with UserDetailsService bean with name inMemoryUserDetailsManager
2026-09-20 00:54:15.985 INFO  [main] o.a.coyote.http11.Http11NioProtocol - Starting ProtocolHandler ["http-nio-8080"]
2026-09-20 00:54:15.989 INFO  [main] o.s.boot.tomcat.TomcatWebServer - Tomcat started on port 8080 (http) with context path '/'
2026-09-20 00:54:15.991 INFO  [main] o.h.backend.BackendApplication - Started BackendApplication in 7.381 seconds (process running for 7.531)
2026-09-20 00:56:14.101 INFO  [SpringApplicationShutdownHook] o.s.boot.tomcat.GracefulShutdown - Commencing graceful shutdown. Waiting for active requests to complete
2026-09-20 00:56:14.109 INFO  [tomcat-shutdown] o.s.boot.tomcat.GracefulShutdown - Graceful shutdown complete
2026-09-20 00:56:14.111 INFO  [SpringApplicationShutdownHook] o.s.o.j.LocalContainerEntityManagerFactoryBean - Closing JPA EntityManagerFactory for persistence unit 'default'
2026-09-20 00:56:14.113 INFO  [SpringApplicationShutdownHook] com.zaxxer.hikari.HikariDataSource - HikariPool-1 - Shutdown initiated...
2026-09-20 00:56:16.160 INFO  [SpringApplicationShutdownHook] com.zaxxer.hikari.HikariDataSource - HikariPool-1 - Shutdown completed.
2026-09-20 00:56:17.050 INFO  [main] o.h.backend.BackendApplication - Starting BackendApplication using Java 26.0.2.1 with PID 98528 (/Users/SUJAN01/Desktop/HDFC_Practice/capstone/secure-auth/Backend/target/classes started by SUJAN01 in /Users/SUJAN01/Desktop/HDFC_Practice/capstone/secure-auth/Backend)
2026-09-20 00:56:17.050 DEBUG [main] o.h.backend.BackendApplication - Running with Spring Boot v4.1.1, Spring v7.0.9
2026-09-20 00:56:17.051 INFO  [main] o.h.backend.BackendApplication - No active profile set, falling back to 1 default profile: "default"
2026-09-20 00:56:17.281 INFO  [main] o.s.d.r.c.RepositoryConfigurationDelegate - Bootstrapping Spring Data JPA repositories in DEFAULT mode.
2026-09-20 00:56:17.297 INFO  [main] o.s.d.r.c.RepositoryConfigurationDelegate - Finished Spring Data repository scanning in 13 ms. Found 1 JPA repository interface.
2026-09-20 00:56:17.440 INFO  [main] o.s.boot.tomcat.TomcatWebServer - Tomcat initialized with port 8080 (http)
2026-09-20 00:56:17.443 INFO  [main] o.a.coyote.http11.Http11NioProtocol - Initializing ProtocolHandler ["http-nio-8080"]
2026-09-20 00:56:17.444 INFO  [main] o.a.catalina.core.StandardService - Starting service [Tomcat]
2026-09-20 00:56:17.444 INFO  [main] o.a.catalina.core.StandardEngine - Starting Servlet engine: [Apache Tomcat/11.0.24]
2026-09-20 00:56:17.459 INFO  [main] o.s.b.w.c.s.WebApplicationContextInitializer - Root WebApplicationContext: initialization completed in 390 ms
2026-09-20 00:56:17.473 DEBUG [main] o.h.b.logging.RequestLoggingFilter - Filter 'requestLoggingFilter' configured for use
2026-09-20 00:56:17.514 INFO  [main] org.hibernate.orm.jpa - HHH008540: Processing PersistenceUnitInfo [name: default]
2026-09-20 00:56:17.532 INFO  [main] org.hibernate.orm.core - HHH000001: Hibernate ORM core version 7.4.5.Final
2026-09-20 00:56:17.650 INFO  [main] o.s.o.j.p.SpringPersistenceUnitInfo - No LoadTimeWeaver setup: ignoring JPA class transformer
2026-09-20 00:56:17.659 INFO  [main] com.zaxxer.hikari.HikariDataSource - HikariPool-1 - Starting...
2026-09-20 00:56:19.773 INFO  [main] com.zaxxer.hikari.pool.HikariPool - HikariPool-1 - Added connection org.postgresql.jdbc.PgConnection@5358c8fa
2026-09-20 00:56:19.774 INFO  [main] com.zaxxer.hikari.HikariDataSource - HikariPool-1 - Start completed.
2026-09-20 00:56:21.205 INFO  [main] o.hibernate.orm.connections.pooling - HHH10001005: Database info:
	Database JDBC URL [jdbc:postgresql://auth-db.ci36u0yu444y.us-east-1.rds.amazonaws.com:5432/authentication]
	Database driver: PostgreSQL JDBC Driver
	Database dialect: PostgreSQLDialect
	Database version: 18.3
	Default catalog/schema: authentication/public
	Autocommit mode: undefined/unknown
	Isolation level: READ_COMMITTED [default READ_COMMITTED]
	JDBC fetch size: none
	Pool: DataSourceConnectionProvider
	Minimum pool size: undefined/unknown
	Maximum pool size: undefined/unknown
2026-09-20 00:56:21.516 INFO  [main] org.hibernate.orm.core - HHH000489: No JTA platform available (set 'hibernate.transaction.jta.platform' to enable JTA platform integration)
2026-09-20 00:56:22.166 INFO  [main] o.s.o.j.LocalContainerEntityManagerFactoryBean - Initialized JPA EntityManagerFactory for persistence unit 'default'
2026-09-20 00:56:22.220 INFO  [main] o.s.d.j.r.q.QueryEnhancerFactories - Hibernate is in classpath; If applicable, HQL parser will be used.
2026-09-20 00:56:22.284 WARN  [main] o.s.b.j.a.JpaBaseConfiguration$JpaWebConfiguration - spring.jpa.open-in-view is enabled by default. Therefore, database queries may be performed during view rendering. Explicitly configure spring.jpa.open-in-view to disable this warning
2026-09-20 00:56:22.308 WARN  [main] o.s.b.s.a.UserDetailsServiceAutoConfiguration - 

Using generated security password: 1208fdaf-cce2-499f-8ddc-e63a039f8aaa

This generated password is for development use only. Your security configuration must be updated before running your application in production.

2026-09-20 00:56:22.310 INFO  [main] o.s.s.c.a.a.c.InitializeUserDetailsBeanManagerConfigurer$InitializeUserDetailsManagerConfigurer - Global AuthenticationManager configured with UserDetailsService bean with name inMemoryUserDetailsManager
2026-09-20 00:56:22.422 INFO  [main] o.a.coyote.http11.Http11NioProtocol - Starting ProtocolHandler ["http-nio-8080"]
2026-09-20 00:56:22.426 INFO  [main] o.s.boot.tomcat.TomcatWebServer - Tomcat started on port 8080 (http) with context path '/'
2026-09-20 00:56:22.428 INFO  [main] o.h.backend.BackendApplication - Started BackendApplication in 5.533 seconds (process running for 5.673)
2026-09-20 00:56:30.055 INFO  [http-nio-8080-exec-1] o.a.c.c.C.[Tomcat].[localhost].[/] - Initializing Spring DispatcherServlet 'dispatcherServlet'
2026-09-20 00:56:30.055 INFO  [http-nio-8080-exec-1] o.s.web.servlet.DispatcherServlet - Initializing Servlet 'dispatcherServlet'
2026-09-20 00:56:30.056 INFO  [http-nio-8080-exec-1] o.s.web.servlet.DispatcherServlet - Completed initialization in 1 ms
2026-09-20 00:56:30.078 INFO  [http-nio-8080-exec-2] o.h.b.logging.RequestLoggingFilter - Incoming Request: method=POST, uri=/login
2026-09-20 00:56:30.917 INFO  [http-nio-8080-exec-2] o.h.b.logging.RequestLoggingFilter - Outgoing Response: method=POST, uri=/login, status=200, duration=839ms
2026-09-20 01:23:49.674 WARN  [HikariPool-1:housekeeper] com.zaxxer.hikari.pool.PoolBase - HikariPool-1 - Failed to validate connection org.postgresql.jdbc.PgConnection@47a86ec3 (This connection has been closed.). Possibly consider using a shorter maxLifetime value.
2026-09-20 01:23:55.605 WARN  [HikariPool-1:housekeeper] com.zaxxer.hikari.pool.PoolBase - HikariPool-1 - Failed to validate connection org.postgresql.jdbc.PgConnection@5a3cf1b4 (This connection has been closed.). Possibly consider using a shorter maxLifetime value.
2026-09-20 01:23:57.245 WARN  [HikariPool-1:housekeeper] com.zaxxer.hikari.pool.PoolBase - HikariPool-1 - Failed to validate connection org.postgresql.jdbc.PgConnection@32e946ac (This connection has been closed.). Possibly consider using a shorter maxLifetime value.
2026-09-20 01:24:02.298 WARN  [HikariPool-1:housekeeper] com.zaxxer.hikari.pool.HikariPool - HikariPool-1 - Thread starvation or clock leap detected (housekeeper delta=16m42s300ms).
2026-09-20 01:24:03.883 WARN  [HikariPool-1:housekeeper] com.zaxxer.hikari.pool.PoolBase - HikariPool-1 - Failed to validate connection org.postgresql.jdbc.PgConnection@52a60f90 (This connection has been closed.). Possibly consider using a shorter maxLifetime value.
2026-09-20 01:24:08.032 WARN  [HikariPool-1:housekeeper] com.zaxxer.hikari.pool.PoolBase - HikariPool-1 - Failed to validate connection org.postgresql.jdbc.PgConnection@3326ef0 (This connection has been closed.). Possibly consider using a shorter maxLifetime value.
2026-09-20 01:24:08.315 WARN  [HikariPool-1:housekeeper] com.zaxxer.hikari.pool.PoolBase - HikariPool-1 - Failed to validate connection org.postgresql.jdbc.PgConnection@7b96941c (This connection has been closed.). Possibly consider using a shorter maxLifetime value.
2026-09-20 01:24:15.372 WARN  [HikariPool-1:housekeeper] com.zaxxer.hikari.pool.PoolBase - HikariPool-1 - Failed to validate connection org.postgresql.jdbc.PgConnection@19aece71 (This connection has been closed.). Possibly consider using a shorter maxLifetime value.
2026-09-20 01:24:26.152 WARN  [HikariPool-1:housekeeper] com.zaxxer.hikari.pool.PoolBase - HikariPool-1 - Failed to validate connection org.postgresql.jdbc.PgConnection@31400cb4 (This connection has been closed.). Possibly consider using a shorter maxLifetime value.
2026-09-20 01:25:16.723 WARN  [HikariPool-1:housekeeper] com.zaxxer.hikari.pool.PoolBase - HikariPool-1 - Failed to validate connection org.postgresql.jdbc.PgConnection@5358c8fa (This connection has been closed.). Possibly consider using a shorter maxLifetime value.
2026-09-20 01:25:22.289 WARN  [HikariPool-1:housekeeper] com.zaxxer.hikari.pool.PoolBase - HikariPool-1 - Failed to validate connection org.postgresql.jdbc.PgConnection@1d8e34de (This connection has been closed.). Possibly consider using a shorter maxLifetime value.
2026-09-20 01:31:23.384 WARN  [HikariPool-1:housekeeper] com.zaxxer.hikari.pool.HikariPool - HikariPool-1 - Thread starvation or clock leap detected (housekeeper delta=5m21s74ms).
2026-09-20 01:31:31.989 INFO  [http-nio-8080-exec-6] o.h.b.logging.RequestLoggingFilter - Incoming Request: method=GET, uri=/auth
2026-09-20 01:31:32.041 INFO  [http-nio-8080-exec-6] o.h.b.logging.RequestLoggingFilter - Outgoing Response: method=GET, uri=/auth, status=401, duration=52ms
2026-09-20 01:31:32.042 INFO  [http-nio-8080-exec-7] o.h.b.logging.RequestLoggingFilter - Incoming Request: method=GET, uri=/auth
2026-09-20 01:31:32.043 INFO  [http-nio-8080-exec-7] o.h.b.logging.RequestLoggingFilter - Outgoing Response: method=GET, uri=/auth, status=401, duration=1ms
2026-09-20 01:31:48.622 INFO  [http-nio-8080-exec-9] o.h.b.logging.RequestLoggingFilter - Incoming Request: method=POST, uri=/login
2026-09-20 01:31:48.631 WARN  [http-nio-8080-exec-9] com.zaxxer.hikari.pool.PoolBase - HikariPool-1 - Failed to validate connection org.postgresql.jdbc.PgConnection@64abacd9 (This connection has been closed.). Possibly consider using a shorter maxLifetime value.
2026-09-20 01:31:49.297 INFO  [http-nio-8080-exec-9] o.h.b.logging.RequestLoggingFilter - Outgoing Response: method=POST, uri=/login, status=200, duration=675ms
2026-09-20 01:31:52.977 INFO  [http-nio-8080-exec-2] o.h.b.logging.RequestLoggingFilter - Incoming Request: method=GET, uri=/auth
2026-09-20 01:31:52.982 INFO  [http-nio-8080-exec-2] o.h.b.logging.RequestLoggingFilter - Outgoing Response: method=GET, uri=/auth, status=200, duration=5ms
2026-09-20 01:31:52.984 INFO  [http-nio-8080-exec-3] o.h.b.logging.RequestLoggingFilter - Incoming Request: method=GET, uri=/auth
2026-09-20 01:31:52.986 INFO  [http-nio-8080-exec-3] o.h.b.logging.RequestLoggingFilter - Outgoing Response: method=GET, uri=/auth, status=200, duration=2ms
2026-09-20 01:31:53.910 WARN  [HikariPool-1:housekeeper] com.zaxxer.hikari.pool.PoolBase - HikariPool-1 - Failed to validate connection org.postgresql.jdbc.PgConnection@18d02df8 (This connection has been closed.). Possibly consider using a shorter maxLifetime value.
2026-09-20 01:31:57.555 WARN  [HikariPool-1:housekeeper] com.zaxxer.hikari.pool.PoolBase - HikariPool-1 - Failed to validate connection org.postgresql.jdbc.PgConnection@3bb05f7e (This connection has been closed.). Possibly consider using a shorter maxLifetime value.
2026-09-20 01:31:58.917 INFO  [http-nio-8080-exec-6] o.h.b.logging.RequestLoggingFilter - Incoming Request: method=GET, uri=/auth
2026-09-20 01:31:58.922 INFO  [http-nio-8080-exec-6] o.h.b.logging.RequestLoggingFilter - Outgoing Response: method=GET, uri=/auth, status=200, duration=5ms
2026-09-20 01:31:58.923 INFO  [http-nio-8080-exec-7] o.h.b.logging.RequestLoggingFilter - Incoming Request: method=GET, uri=/auth
2026-09-20 01:31:58.925 INFO  [http-nio-8080-exec-7] o.h.b.logging.RequestLoggingFilter - Outgoing Response: method=GET, uri=/auth, status=200, duration=2ms
2026-09-20 01:32:02.744 INFO  [http-nio-8080-exec-9] o.h.b.logging.RequestLoggingFilter - Incoming Request: method=POST, uri=/login
2026-09-20 01:32:03.321 INFO  [http-nio-8080-exec-9] o.h.b.logging.RequestLoggingFilter - Outgoing Response: method=POST, uri=/login, status=200, duration=577ms
2026-09-20 01:32:07.696 INFO  [http-nio-8080-exec-2] o.h.b.logging.RequestLoggingFilter - Incoming Request: method=GET, uri=/auth
2026-09-20 01:32:07.699 INFO  [http-nio-8080-exec-2] o.h.b.logging.RequestLoggingFilter - Outgoing Response: method=GET, uri=/auth, status=200, duration=3ms
2026-09-20 01:32:07.700 INFO  [http-nio-8080-exec-3] o.h.b.logging.RequestLoggingFilter - Incoming Request: method=GET, uri=/auth
2026-09-20 01:32:07.702 INFO  [http-nio-8080-exec-3] o.h.b.logging.RequestLoggingFilter - Outgoing Response: method=GET, uri=/auth, status=200, duration=2ms
2026-09-20 01:32:10.133 INFO  [http-nio-8080-exec-4] o.h.b.logging.RequestLoggingFilter - Incoming Request: method=POST, uri=/logout
2026-09-20 01:32:10.141 INFO  [http-nio-8080-exec-4] o.h.b.logging.RequestLoggingFilter - Outgoing Response: method=POST, uri=/logout, status=200, duration=8ms
2026-09-20 01:32:15.820 INFO  [http-nio-8080-exec-8] o.h.b.logging.RequestLoggingFilter - Incoming Request: method=GET, uri=/auth
2026-09-20 01:32:15.823 INFO  [http-nio-8080-exec-8] o.h.b.logging.RequestLoggingFilter - Outgoing Response: method=GET, uri=/auth, status=200, duration=3ms
2026-09-20 01:32:15.825 INFO  [http-nio-8080-exec-9] o.h.b.logging.RequestLoggingFilter - Incoming Request: method=GET, uri=/auth
2026-09-20 01:32:15.827 INFO  [http-nio-8080-exec-9] o.h.b.logging.RequestLoggingFilter - Outgoing Response: method=GET, uri=/auth, status=200, duration=2ms
2026-09-20 01:32:22.805 INFO  [http-nio-8080-exec-1] o.h.b.logging.RequestLoggingFilter - Incoming Request: method=POST, uri=/login
2026-09-20 01:32:23.496 INFO  [http-nio-8080-exec-1] o.h.b.logging.RequestLoggingFilter - Outgoing Response: method=POST, uri=/login, status=200, duration=691ms
2026-09-20 01:32:31.660 WARN  [HikariPool-1:housekeeper] com.zaxxer.hikari.pool.PoolBase - HikariPool-1 - Failed to validate connection org.postgresql.jdbc.PgConnection@4220a779 (This connection has been closed.). Possibly consider using a shorter maxLifetime value.
2026-09-20 01:32:32.753 INFO  [http-nio-8080-exec-5] o.h.b.logging.RequestLoggingFilter - Incoming Request: method=GET, uri=/auth
2026-09-20 01:32:32.759 INFO  [http-nio-8080-exec-5] o.h.b.logging.RequestLoggingFilter - Outgoing Response: method=GET, uri=/auth, status=200, duration=6ms
2026-09-20 01:32:32.767 INFO  [http-nio-8080-exec-4] o.h.b.logging.RequestLoggingFilter - Incoming Request: method=GET, uri=/auth
2026-09-20 01:32:32.770 INFO  [http-nio-8080-exec-4] o.h.b.logging.RequestLoggingFilter - Outgoing Response: method=GET, uri=/auth, status=200, duration=3ms
2026-09-20 01:32:34.398 INFO  [http-nio-8080-exec-8] o.h.b.logging.RequestLoggingFilter - Incoming Request: method=GET, uri=/auth
2026-09-20 01:32:34.401 INFO  [http-nio-8080-exec-8] o.h.b.logging.RequestLoggingFilter - Outgoing Response: method=GET, uri=/auth, status=200, duration=3ms
2026-09-20 01:32:34.401 INFO  [http-nio-8080-exec-9] o.h.b.logging.RequestLoggingFilter - Incoming Request: method=GET, uri=/auth
2026-09-20 01:32:34.404 INFO  [http-nio-8080-exec-9] o.h.b.logging.RequestLoggingFilter - Outgoing Response: method=GET, uri=/auth, status=200, duration=3ms
2026-09-20 01:32:40.410 INFO  [http-nio-8080-exec-1] o.h.b.logging.RequestLoggingFilter - Incoming Request: method=POST, uri=/logout
2026-09-20 01:32:40.413 INFO  [http-nio-8080-exec-1] o.h.b.logging.RequestLoggingFilter - Outgoing Response: method=POST, uri=/logout, status=200, duration=3ms
2026-09-20 01:32:48.455 INFO  [http-nio-8080-exec-3] o.h.b.logging.RequestLoggingFilter - Incoming Request: method=POST, uri=/login
2026-09-20 01:32:48.978 INFO  [http-nio-8080-exec-3] o.h.b.logging.RequestLoggingFilter - Outgoing Response: method=POST, uri=/login, status=200, duration=523ms
2026-09-20 01:33:03.395 INFO  [http-nio-8080-exec-4] o.h.b.logging.RequestLoggingFilter - Incoming Request: method=POST, uri=/logout
2026-09-20 01:33:03.398 INFO  [http-nio-8080-exec-4] o.h.b.logging.RequestLoggingFilter - Outgoing Response: method=POST, uri=/logout, status=200, duration=3ms
2026-09-20 01:33:33.044 INFO  [http-nio-8080-exec-7] o.h.b.logging.RequestLoggingFilter - Incoming Request: method=POST, uri=/login
2026-09-20 01:33:33.556 INFO  [http-nio-8080-exec-7] o.h.b.logging.RequestLoggingFilter - Outgoing Response: method=POST, uri=/login, status=200, duration=513ms
2026-09-20 01:33:41.852 INFO  [http-nio-8080-exec-3] o.h.b.logging.RequestLoggingFilter - Incoming Request: method=GET, uri=/auth
2026-09-20 01:33:41.855 INFO  [http-nio-8080-exec-3] o.h.b.logging.RequestLoggingFilter - Outgoing Response: method=GET, uri=/auth, status=200, duration=3ms
2026-09-20 01:33:41.866 INFO  [http-nio-8080-exec-5] o.h.b.logging.RequestLoggingFilter - Incoming Request: method=GET, uri=/auth
2026-09-20 01:33:41.869 INFO  [http-nio-8080-exec-5] o.h.b.logging.RequestLoggingFilter - Outgoing Response: method=GET, uri=/auth, status=200, duration=3ms
2026-09-20 01:33:52.549 INFO  [http-nio-8080-exec-7] o.h.b.logging.RequestLoggingFilter - Incoming Request: method=GET, uri=/auth
2026-09-20 01:33:52.556 INFO  [http-nio-8080-exec-7] o.h.b.logging.RequestLoggingFilter - Outgoing Response: method=GET, uri=/auth, status=200, duration=7ms
2026-09-20 01:33:52.567 INFO  [http-nio-8080-exec-8] o.h.b.logging.RequestLoggingFilter - Incoming Request: method=GET, uri=/auth
2026-09-20 01:33:52.571 INFO  [http-nio-8080-exec-8] o.h.b.logging.RequestLoggingFilter - Outgoing Response: method=GET, uri=/auth, status=200, duration=4ms
2026-09-20 01:34:00.852 INFO  [http-nio-8080-exec-9] o.h.b.logging.RequestLoggingFilter - Incoming Request: method=POST, uri=/login
2026-09-20 01:34:01.529 INFO  [http-nio-8080-exec-9] o.h.b.logging.RequestLoggingFilter - Outgoing Response: method=POST, uri=/login, status=200, duration=677ms
2026-09-20 01:34:27.007 INFO  [http-nio-8080-exec-3] o.h.b.logging.RequestLoggingFilter - Incoming Request: method=GET, uri=/auth
2026-09-20 01:34:27.012 INFO  [http-nio-8080-exec-3] o.h.b.logging.RequestLoggingFilter - Outgoing Response: method=GET, uri=/auth, status=200, duration=5ms
2026-09-20 01:34:27.020 INFO  [http-nio-8080-exec-5] o.h.b.logging.RequestLoggingFilter - Incoming Request: method=GET, uri=/auth
2026-09-20 01:34:27.023 INFO  [http-nio-8080-exec-5] o.h.b.logging.RequestLoggingFilter - Outgoing Response: method=GET, uri=/auth, status=200, duration=3ms
2026-09-20 01:34:50.455 INFO  [http-nio-8080-exec-4] o.h.b.logging.RequestLoggingFilter - Incoming Request: method=POST, uri=/login
2026-09-20 01:34:51.125 INFO  [http-nio-8080-exec-4] o.h.b.logging.RequestLoggingFilter - Outgoing Response: method=POST, uri=/login, status=200, duration=670ms
2026-09-20 01:35:34.779 INFO  [http-nio-8080-exec-10] o.h.b.logging.RequestLoggingFilter - Incoming Request: method=POST, uri=/logout
2026-09-20 01:35:34.782 INFO  [http-nio-8080-exec-10] o.h.b.logging.RequestLoggingFilter - Outgoing Response: method=POST, uri=/logout, status=200, duration=3ms
2026-09-20 01:38:40.832 INFO  [SpringApplicationShutdownHook] o.s.boot.tomcat.GracefulShutdown - Commencing graceful shutdown. Waiting for active requests to complete
2026-09-20 01:38:40.836 INFO  [tomcat-shutdown] o.s.boot.tomcat.GracefulShutdown - Graceful shutdown complete
2026-09-20 01:38:40.838 INFO  [SpringApplicationShutdownHook] o.s.o.j.LocalContainerEntityManagerFactoryBean - Closing JPA EntityManagerFactory for persistence unit 'default'
2026-09-20 01:38:40.840 INFO  [SpringApplicationShutdownHook] com.zaxxer.hikari.HikariDataSource - HikariPool-1 - Shutdown initiated...
2026-09-20 01:38:43.224 INFO  [SpringApplicationShutdownHook] com.zaxxer.hikari.HikariDataSource - HikariPool-1 - Shutdown completed.
2026-09-20 01:38:44.260 INFO  [main] o.h.backend.BackendApplication - Starting BackendApplication using Java 26.0.2.1 with PID 99637 (/Users/SUJAN01/Desktop/HDFC_Practice/capstone/secure-auth/Backend/target/classes started by SUJAN01 in /Users/SUJAN01/Desktop/HDFC_Practice/capstone/secure-auth/Backend)
2026-09-20 01:38:44.261 DEBUG [main] o.h.backend.BackendApplication - Running with Spring Boot v4.1.1, Spring v7.0.9
2026-09-20 01:38:44.261 INFO  [main] o.h.backend.BackendApplication - No active profile set, falling back to 1 default profile: "default"
2026-09-20 01:38:44.490 INFO  [main] o.s.d.r.c.RepositoryConfigurationDelegate - Bootstrapping Spring Data JPA repositories in DEFAULT mode.
2026-09-20 01:38:44.507 INFO  [main] o.s.d.r.c.RepositoryConfigurationDelegate - Finished Spring Data repository scanning in 13 ms. Found 1 JPA repository interface.
2026-09-20 01:38:44.660 INFO  [main] o.s.boot.tomcat.TomcatWebServer - Tomcat initialized with port 8080 (http)
2026-09-20 01:38:44.665 INFO  [main] o.a.coyote.http11.Http11NioProtocol - Initializing ProtocolHandler ["http-nio-8080"]
2026-09-20 01:38:44.666 INFO  [main] o.a.catalina.core.StandardService - Starting service [Tomcat]
2026-09-20 01:38:44.666 INFO  [main] o.a.catalina.core.StandardEngine - Starting Servlet engine: [Apache Tomcat/11.0.24]
2026-09-20 01:38:44.680 INFO  [main] o.s.b.w.c.s.WebApplicationContextInitializer - Root WebApplicationContext: initialization completed in 402 ms
2026-09-20 01:38:44.693 DEBUG [main] o.h.b.logging.RequestLoggingFilter - Filter 'requestLoggingFilter' configured for use
2026-09-20 01:38:44.740 INFO  [main] org.hibernate.orm.jpa - HHH008540: Processing PersistenceUnitInfo [name: default]
2026-09-20 01:38:44.762 INFO  [main] org.hibernate.orm.core - HHH000001: Hibernate ORM core version 7.4.5.Final
2026-09-20 01:38:44.892 INFO  [main] o.s.o.j.p.SpringPersistenceUnitInfo - No LoadTimeWeaver setup: ignoring JPA class transformer
2026-09-20 01:38:44.902 INFO  [main] com.zaxxer.hikari.HikariDataSource - HikariPool-1 - Starting...
2026-09-20 01:38:47.976 INFO  [main] com.zaxxer.hikari.pool.HikariPool - HikariPool-1 - Added connection org.postgresql.jdbc.PgConnection@2b80497f
2026-09-20 01:38:47.978 INFO  [main] com.zaxxer.hikari.HikariDataSource - HikariPool-1 - Start completed.
2026-09-20 01:38:49.320 INFO  [main] o.hibernate.orm.connections.pooling - HHH10001005: Database info:
	Database JDBC URL [jdbc:postgresql://auth-db.ci36u0yu444y.us-east-1.rds.amazonaws.com:5432/authentication]
	Database driver: PostgreSQL JDBC Driver
	Database dialect: PostgreSQLDialect
	Database version: 18.3
	Default catalog/schema: authentication/public
	Autocommit mode: undefined/unknown
	Isolation level: READ_COMMITTED [default READ_COMMITTED]
	JDBC fetch size: none
	Pool: DataSourceConnectionProvider
	Minimum pool size: undefined/unknown
	Maximum pool size: undefined/unknown
2026-09-20 01:38:49.651 INFO  [main] org.hibernate.orm.core - HHH000489: No JTA platform available (set 'hibernate.transaction.jta.platform' to enable JTA platform integration)
2026-09-20 01:38:50.474 INFO  [main] o.s.o.j.LocalContainerEntityManagerFactoryBean - Initialized JPA EntityManagerFactory for persistence unit 'default'
2026-09-20 01:38:50.523 INFO  [main] o.s.d.j.r.q.QueryEnhancerFactories - Hibernate is in classpath; If applicable, HQL parser will be used.
2026-09-20 01:38:50.588 WARN  [main] o.s.b.j.a.JpaBaseConfiguration$JpaWebConfiguration - spring.jpa.open-in-view is enabled by default. Therefore, database queries may be performed during view rendering. Explicitly configure spring.jpa.open-in-view to disable this warning
2026-09-20 01:38:50.614 WARN  [main] o.s.b.s.a.UserDetailsServiceAutoConfiguration - 

Using generated security password: cf36797b-73a0-4f48-983d-50e5c6422fff

This generated password is for development use only. Your security configuration must be updated before running your application in production.

2026-09-20 01:38:50.617 INFO  [main] o.s.s.c.a.a.c.InitializeUserDetailsBeanManagerConfigurer$InitializeUserDetailsManagerConfigurer - Global AuthenticationManager configured with UserDetailsService bean with name inMemoryUserDetailsManager
2026-09-20 01:38:50.733 INFO  [main] o.a.coyote.http11.Http11NioProtocol - Starting ProtocolHandler ["http-nio-8080"]
2026-09-20 01:38:50.738 INFO  [main] o.s.boot.tomcat.TomcatWebServer - Tomcat started on port 8080 (http) with context path '/'
2026-09-20 01:38:50.740 INFO  [main] o.h.backend.BackendApplication - Started BackendApplication in 6.669 seconds (process running for 6.879)
2026-09-20 01:39:10.505 INFO  [http-nio-8080-exec-1] o.a.c.c.C.[Tomcat].[localhost].[/] - Initializing Spring DispatcherServlet 'dispatcherServlet'
2026-09-20 01:39:10.505 INFO  [http-nio-8080-exec-1] o.s.web.servlet.DispatcherServlet - Initializing Servlet 'dispatcherServlet'
2026-09-20 01:39:10.506 INFO  [http-nio-8080-exec-1] o.s.web.servlet.DispatcherServlet - Completed initialization in 1 ms
2026-09-20 01:39:10.537 INFO  [http-nio-8080-exec-2] o.h.b.logging.RequestLoggingFilter - Incoming Request: method=POST, uri=/login
2026-09-20 01:39:11.305 INFO  [http-nio-8080-exec-2] o.h.b.logging.RequestLoggingFilter - Outgoing Response: method=POST, uri=/login, status=200, duration=768ms
2026-09-20 01:39:17.314 INFO  [http-nio-8080-exec-5] o.h.b.logging.RequestLoggingFilter - Incoming Request: method=GET, uri=/auth
2026-09-20 01:39:17.356 INFO  [http-nio-8080-exec-5] o.h.b.logging.RequestLoggingFilter - Outgoing Response: method=GET, uri=/auth, status=200, duration=42ms
2026-09-20 01:39:17.372 INFO  [http-nio-8080-exec-6] o.h.b.logging.RequestLoggingFilter - Incoming Request: method=GET, uri=/auth
2026-09-20 01:39:17.374 INFO  [http-nio-8080-exec-6] o.h.b.logging.RequestLoggingFilter - Outgoing Response: method=GET, uri=/auth, status=200, duration=2ms
2026-09-20 01:39:21.278 INFO  [http-nio-8080-exec-7] o.h.b.logging.RequestLoggingFilter - Incoming Request: method=GET, uri=/auth
2026-09-20 01:39:21.282 INFO  [http-nio-8080-exec-7] o.h.b.logging.RequestLoggingFilter - Outgoing Response: method=GET, uri=/auth, status=200, duration=4ms
2026-09-20 01:39:21.292 INFO  [http-nio-8080-exec-8] o.h.b.logging.RequestLoggingFilter - Incoming Request: method=GET, uri=/auth
2026-09-20 01:39:21.294 INFO  [http-nio-8080-exec-8] o.h.b.logging.RequestLoggingFilter - Outgoing Response: method=GET, uri=/auth, status=200, duration=2ms
2026-09-20 01:39:26.941 INFO  [http-nio-8080-exec-10] o.h.b.logging.RequestLoggingFilter - Incoming Request: method=POST, uri=/logout
2026-09-20 01:39:26.949 INFO  [http-nio-8080-exec-10] o.h.b.logging.RequestLoggingFilter - Outgoing Response: method=POST, uri=/logout, status=401, duration=8ms
2026-09-20 01:39:29.870 INFO  [http-nio-8080-exec-1] o.h.b.logging.RequestLoggingFilter - Incoming Request: method=POST, uri=/logout
2026-09-20 01:39:29.874 INFO  [http-nio-8080-exec-1] o.h.b.logging.RequestLoggingFilter - Outgoing Response: method=POST, uri=/logout, status=200, duration=4ms
2026-09-20 01:39:51.525 INFO  [http-nio-8080-exec-3] o.h.b.logging.RequestLoggingFilter - Incoming Request: method=POST, uri=/login
2026-09-20 01:39:52.417 INFO  [http-nio-8080-exec-3] o.h.b.logging.RequestLoggingFilter - Outgoing Response: method=POST, uri=/login, status=200, duration=892ms
2026-09-20 01:39:58.843 INFO  [http-nio-8080-exec-6] o.h.b.logging.RequestLoggingFilter - Incoming Request: method=GET, uri=/auth
2026-09-20 01:39:58.846 INFO  [http-nio-8080-exec-6] o.h.b.logging.RequestLoggingFilter - Outgoing Response: method=GET, uri=/auth, status=200, duration=3ms
2026-09-20 01:39:58.859 INFO  [http-nio-8080-exec-7] o.h.b.logging.RequestLoggingFilter - Incoming Request: method=GET, uri=/auth
2026-09-20 01:39:58.862 INFO  [http-nio-8080-exec-7] o.h.b.logging.RequestLoggingFilter - Outgoing Response: method=GET, uri=/auth, status=200, duration=3ms
2026-09-20 01:40:04.182 INFO  [http-nio-8080-exec-10] o.h.b.logging.RequestLoggingFilter - Incoming Request: method=GET, uri=/auth
2026-09-20 01:40:04.185 INFO  [http-nio-8080-exec-10] o.h.b.logging.RequestLoggingFilter - Outgoing Response: method=GET, uri=/auth, status=200, duration=3ms
2026-09-20 01:40:04.195 INFO  [http-nio-8080-exec-1] o.h.b.logging.RequestLoggingFilter - Incoming Request: method=GET, uri=/auth
2026-09-20 01:40:04.198 INFO  [http-nio-8080-exec-1] o.h.b.logging.RequestLoggingFilter - Outgoing Response: method=GET, uri=/auth, status=200, duration=3ms
2026-09-20 01:40:29.567 INFO  [http-nio-8080-exec-5] o.h.b.logging.RequestLoggingFilter - Incoming Request: method=POST, uri=/logout
2026-09-20 01:40:29.570 INFO  [http-nio-8080-exec-5] o.h.b.logging.RequestLoggingFilter - Outgoing Response: method=POST, uri=/logout, status=200, duration=3ms
2026-09-20 01:41:43.663 WARN  [HikariPool-1:housekeeper] com.zaxxer.hikari.pool.HikariPool - HikariPool-1 - Thread starvation or clock leap detected (housekeeper delta=55s562ms).
2026-09-20 01:44:09.377 INFO  [http-nio-8080-exec-8] o.h.b.logging.RequestLoggingFilter - Incoming Request: method=POST, uri=/login
2026-09-20 01:44:10.155 INFO  [http-nio-8080-exec-8] o.h.b.logging.RequestLoggingFilter - Outgoing Response: method=POST, uri=/login, status=200, duration=778ms
2026-09-20 01:44:28.679 INFO  [http-nio-8080-exec-1] o.h.b.logging.RequestLoggingFilter - Incoming Request: method=GET, uri=/auth
2026-09-20 01:44:28.685 INFO  [http-nio-8080-exec-1] o.h.b.logging.RequestLoggingFilter - Outgoing Response: method=GET, uri=/auth, status=200, duration=6ms
2026-09-20 01:44:28.696 INFO  [http-nio-8080-exec-2] o.h.b.logging.RequestLoggingFilter - Incoming Request: method=GET, uri=/auth
2026-09-20 01:44:28.699 INFO  [http-nio-8080-exec-2] o.h.b.logging.RequestLoggingFilter - Outgoing Response: method=GET, uri=/auth, status=200, duration=3ms
2026-09-20 01:44:55.717 INFO  [http-nio-8080-exec-5] o.h.b.logging.RequestLoggingFilter - Incoming Request: method=POST, uri=/logout
2026-09-20 01:44:55.720 INFO  [http-nio-8080-exec-5] o.h.b.logging.RequestLoggingFilter - Outgoing Response: method=POST, uri=/logout, status=200, duration=3ms
2026-09-20 01:48:19.152 INFO  [SpringApplicationShutdownHook] o.s.boot.tomcat.GracefulShutdown - Commencing graceful shutdown. Waiting for active requests to complete
2026-09-20 01:48:19.160 INFO  [tomcat-shutdown] o.s.boot.tomcat.GracefulShutdown - Graceful shutdown complete
2026-09-20 01:48:19.165 INFO  [SpringApplicationShutdownHook] o.s.o.j.LocalContainerEntityManagerFactoryBean - Closing JPA EntityManagerFactory for persistence unit 'default'
2026-09-20 01:48:19.169 INFO  [SpringApplicationShutdownHook] com.zaxxer.hikari.HikariDataSource - HikariPool-1 - Shutdown initiated...
2026-09-20 01:48:21.278 INFO  [SpringApplicationShutdownHook] com.zaxxer.hikari.HikariDataSource - HikariPool-1 - Shutdown completed.
2026-09-20 01:48:22.218 INFO  [main] o.h.backend.BackendApplication - Starting BackendApplication using Java 26.0.2.1 with PID 99827 (/Users/SUJAN01/Desktop/HDFC_Practice/capstone/secure-auth/Backend/target/classes started by SUJAN01 in /Users/SUJAN01/Desktop/HDFC_Practice/capstone/secure-auth/Backend)
2026-09-20 01:48:22.219 DEBUG [main] o.h.backend.BackendApplication - Running with Spring Boot v4.1.1, Spring v7.0.9
2026-09-20 01:48:22.219 INFO  [main] o.h.backend.BackendApplication - No active profile set, falling back to 1 default profile: "default"
2026-09-20 01:48:22.427 INFO  [main] o.s.d.r.c.RepositoryConfigurationDelegate - Bootstrapping Spring Data JPA repositories in DEFAULT mode.
2026-09-20 01:48:22.446 INFO  [main] o.s.d.r.c.RepositoryConfigurationDelegate - Finished Spring Data repository scanning in 16 ms. Found 1 JPA repository interface.
2026-09-20 01:48:22.589 INFO  [main] o.s.boot.tomcat.TomcatWebServer - Tomcat initialized with port 8080 (http)
2026-09-20 01:48:22.592 INFO  [main] o.a.coyote.http11.Http11NioProtocol - Initializing ProtocolHandler ["http-nio-8080"]
2026-09-20 01:48:22.593 INFO  [main] o.a.catalina.core.StandardService - Starting service [Tomcat]
2026-09-20 01:48:22.593 INFO  [main] o.a.catalina.core.StandardEngine - Starting Servlet engine: [Apache Tomcat/11.0.24]
2026-09-20 01:48:22.607 INFO  [main] o.s.b.w.c.s.WebApplicationContextInitializer - Root WebApplicationContext: initialization completed in 374 ms
2026-09-20 01:48:22.624 DEBUG [main] o.h.b.logging.RequestLoggingFilter - Filter 'requestLoggingFilter' configured for use
2026-09-20 01:48:22.662 INFO  [main] org.hibernate.orm.jpa - HHH008540: Processing PersistenceUnitInfo [name: default]
2026-09-20 01:48:22.679 INFO  [main] org.hibernate.orm.core - HHH000001: Hibernate ORM core version 7.4.5.Final
2026-09-20 01:48:22.793 INFO  [main] o.s.o.j.p.SpringPersistenceUnitInfo - No LoadTimeWeaver setup: ignoring JPA class transformer
2026-09-20 01:48:22.802 INFO  [main] com.zaxxer.hikari.HikariDataSource - HikariPool-1 - Starting...
2026-09-20 01:48:25.990 INFO  [main] com.zaxxer.hikari.pool.HikariPool - HikariPool-1 - Added connection org.postgresql.jdbc.PgConnection@56402642
2026-09-20 01:48:25.992 INFO  [main] com.zaxxer.hikari.HikariDataSource - HikariPool-1 - Start completed.
2026-09-20 01:48:27.337 INFO  [main] o.hibernate.orm.connections.pooling - HHH10001005: Database info:
	Database JDBC URL [jdbc:postgresql://auth-db.ci36u0yu444y.us-east-1.rds.amazonaws.com:5432/authentication]
	Database driver: PostgreSQL JDBC Driver
	Database dialect: PostgreSQLDialect
	Database version: 18.3
	Default catalog/schema: authentication/public
	Autocommit mode: undefined/unknown
	Isolation level: READ_COMMITTED [default READ_COMMITTED]
	JDBC fetch size: none
	Pool: DataSourceConnectionProvider
	Minimum pool size: undefined/unknown
	Maximum pool size: undefined/unknown
2026-09-20 01:48:27.639 INFO  [main] org.hibernate.orm.core - HHH000489: No JTA platform available (set 'hibernate.transaction.jta.platform' to enable JTA platform integration)
2026-09-20 01:48:28.349 INFO  [main] o.s.o.j.LocalContainerEntityManagerFactoryBean - Initialized JPA EntityManagerFactory for persistence unit 'default'
2026-09-20 01:48:28.384 INFO  [main] o.s.d.j.r.q.QueryEnhancerFactories - Hibernate is in classpath; If applicable, HQL parser will be used.
2026-09-20 01:48:28.441 WARN  [main] o.s.b.j.a.JpaBaseConfiguration$JpaWebConfiguration - spring.jpa.open-in-view is enabled by default. Therefore, database queries may be performed during view rendering. Explicitly configure spring.jpa.open-in-view to disable this warning
2026-09-20 01:48:28.464 WARN  [main] o.s.b.s.a.UserDetailsServiceAutoConfiguration - 

Using generated security password: 200592e9-a532-49f9-87dd-3103f367ca61

This generated password is for development use only. Your security configuration must be updated before running your application in production.

2026-09-20 01:48:28.466 INFO  [main] o.s.s.c.a.a.c.InitializeUserDetailsBeanManagerConfigurer$InitializeUserDetailsManagerConfigurer - Global AuthenticationManager configured with UserDetailsService bean with name inMemoryUserDetailsManager
2026-09-20 01:48:28.569 INFO  [main] o.a.coyote.http11.Http11NioProtocol - Starting ProtocolHandler ["http-nio-8080"]
2026-09-20 01:48:28.573 INFO  [main] o.s.boot.tomcat.TomcatWebServer - Tomcat started on port 8080 (http) with context path '/'
2026-09-20 01:48:28.575 INFO  [main] o.h.backend.BackendApplication - Started BackendApplication in 6.505 seconds (process running for 6.654)
2026-09-20 01:48:41.788 INFO  [http-nio-8080-exec-1] o.a.c.c.C.[Tomcat].[localhost].[/] - Initializing Spring DispatcherServlet 'dispatcherServlet'
2026-09-20 01:48:41.788 INFO  [http-nio-8080-exec-1] o.s.web.servlet.DispatcherServlet - Initializing Servlet 'dispatcherServlet'
2026-09-20 01:48:41.789 INFO  [http-nio-8080-exec-1] o.s.web.servlet.DispatcherServlet - Completed initialization in 1 ms
2026-09-20 01:48:41.825 INFO  [http-nio-8080-exec-3] o.h.b.logging.RequestLoggingFilter - Incoming Request: method=POST, uri=/login
2026-09-20 01:48:42.894 INFO  [http-nio-8080-exec-3] o.h.b.logging.RequestLoggingFilter - Outgoing Response: method=POST, uri=/login, status=200, duration=1069ms
2026-09-20 01:48:46.753 INFO  [http-nio-8080-exec-6] o.h.b.logging.RequestLoggingFilter - Incoming Request: method=GET, uri=/auth
2026-09-20 01:48:46.793 INFO  [http-nio-8080-exec-6] o.h.b.logging.RequestLoggingFilter - Outgoing Response: method=GET, uri=/auth, status=200, duration=40ms
2026-09-20 01:48:46.803 INFO  [http-nio-8080-exec-7] o.h.b.logging.RequestLoggingFilter - Incoming Request: method=GET, uri=/auth
2026-09-20 01:48:46.804 INFO  [http-nio-8080-exec-7] o.h.b.logging.RequestLoggingFilter - Outgoing Response: method=GET, uri=/auth, status=200, duration=1ms
2026-09-20 01:48:55.813 INFO  [http-nio-8080-exec-10] o.h.b.logging.RequestLoggingFilter - Incoming Request: method=GET, uri=/auth
2026-09-20 01:48:55.817 INFO  [http-nio-8080-exec-10] o.h.b.logging.RequestLoggingFilter - Outgoing Response: method=GET, uri=/auth, status=200, duration=4ms
2026-09-20 01:48:55.828 INFO  [http-nio-8080-exec-1] o.h.b.logging.RequestLoggingFilter - Incoming Request: method=GET, uri=/auth
2026-09-20 01:48:55.830 INFO  [http-nio-8080-exec-1] o.h.b.logging.RequestLoggingFilter - Outgoing Response: method=GET, uri=/auth, status=200, duration=2ms
2026-09-20 01:49:05.576 INFO  [http-nio-8080-exec-3] o.h.b.logging.RequestLoggingFilter - Incoming Request: method=POST, uri=/logout
2026-09-20 01:49:05.581 INFO  [http-nio-8080-exec-3] o.h.b.logging.RequestLoggingFilter - Outgoing Response: method=POST, uri=/logout, status=200, duration=5ms
2026-09-20 01:54:54.814 INFO  [http-nio-8080-exec-9] o.h.b.logging.RequestLoggingFilter - Incoming Request: method=POST, uri=/login
2026-09-20 01:54:55.898 INFO  [http-nio-8080-exec-9] o.h.b.logging.RequestLoggingFilter - Outgoing Response: method=POST, uri=/login, status=200, duration=1084ms
2026-09-20 01:55:38.384 INFO  [http-nio-8080-exec-1] o.h.b.logging.RequestLoggingFilter - Incoming Request: method=POST, uri=/logout
2026-09-20 01:55:38.388 INFO  [http-nio-8080-exec-1] o.h.b.logging.RequestLoggingFilter - Outgoing Response: method=POST, uri=/logout, status=200, duration=4ms
2026-09-20 02:21:43.324 WARN  [HikariPool-1:housekeeper] com.zaxxer.hikari.pool.HikariPool - HikariPool-1 - Thread starvation or clock leap detected (housekeeper delta=26m17s31ms).
2026-09-20 02:21:58.011 WARN  [HikariPool-1:housekeeper] com.zaxxer.hikari.pool.PoolBase - HikariPool-1 - Failed to validate connection org.postgresql.jdbc.PgConnection@7ec8d456 (This connection has been closed.). Possibly consider using a shorter maxLifetime value.
2026-09-20 02:21:58.747 WARN  [HikariPool-1:housekeeper] com.zaxxer.hikari.pool.PoolBase - HikariPool-1 - Failed to validate connection org.postgresql.jdbc.PgConnection@6ae072ae (This connection has been closed.). Possibly consider using a shorter maxLifetime value.
2026-09-20 02:22:31.139 WARN  [HikariPool-1:housekeeper] com.zaxxer.hikari.pool.PoolBase - HikariPool-1 - Failed to validate connection org.postgresql.jdbc.PgConnection@52b271c0 (This connection has been closed.). Possibly consider using a shorter maxLifetime value.
2026-09-20 02:22:32.978 WARN  [HikariPool-1:housekeeper] com.zaxxer.hikari.pool.PoolBase - HikariPool-1 - Failed to validate connection org.postgresql.jdbc.PgConnection@46e8bc9c (This connection has been closed.). Possibly consider using a shorter maxLifetime value.
2026-09-20 02:22:47.152 WARN  [HikariPool-1:housekeeper] com.zaxxer.hikari.pool.PoolBase - HikariPool-1 - Failed to validate connection org.postgresql.jdbc.PgConnection@2ff4d3ed (This connection has been closed.). Possibly consider using a shorter maxLifetime value.
2026-09-20 02:22:47.563 WARN  [HikariPool-1:housekeeper] com.zaxxer.hikari.pool.PoolBase - HikariPool-1 - Failed to validate connection org.postgresql.jdbc.PgConnection@7060f374 (This connection has been closed.). Possibly consider using a shorter maxLifetime value.
2026-09-20 02:22:47.831 WARN  [HikariPool-1:housekeeper] com.zaxxer.hikari.pool.PoolBase - HikariPool-1 - Failed to validate connection org.postgresql.jdbc.PgConnection@73efbdb8 (This connection has been closed.). Possibly consider using a shorter maxLifetime value.
2026-09-20 02:22:50.480 WARN  [HikariPool-1:housekeeper] com.zaxxer.hikari.pool.PoolBase - HikariPool-1 - Failed to validate connection org.postgresql.jdbc.PgConnection@7a8d6393 (This connection has been closed.). Possibly consider using a shorter maxLifetime value.
2026-09-20 02:22:54.557 WARN  [HikariPool-1:housekeeper] com.zaxxer.hikari.pool.PoolBase - HikariPool-1 - Failed to validate connection org.postgresql.jdbc.PgConnection@56402642 (This connection has been closed.). Possibly consider using a shorter maxLifetime value.
2026-09-20 02:23:02.914 WARN  [HikariPool-1:housekeeper] com.zaxxer.hikari.pool.PoolBase - HikariPool-1 - Failed to validate connection org.postgresql.jdbc.PgConnection@58fba3fb (This connection has been closed.). Possibly consider using a shorter maxLifetime value.
2026-09-20 02:27:43.233 WARN  [HikariPool-1:housekeeper] com.zaxxer.hikari.pool.HikariPool - HikariPool-1 - Thread starvation or clock leap detected (housekeeper delta=1m29s870ms).
2026-09-20 02:43:42.795 WARN  [HikariPool-1:housekeeper] com.zaxxer.hikari.pool.HikariPool - HikariPool-1 - Thread starvation or clock leap detected (housekeeper delta=13m59s539ms).
2026-09-20 02:43:52.690 WARN  [HikariPool-1:housekeeper] com.zaxxer.hikari.pool.PoolBase - HikariPool-1 - Failed to validate connection org.postgresql.jdbc.PgConnection@307b14af (This connection has been closed.). Possibly consider using a shorter maxLifetime value.
2026-09-20 02:43:53.276 WARN  [HikariPool-1:housekeeper] com.zaxxer.hikari.pool.PoolBase - HikariPool-1 - Failed to validate connection org.postgresql.jdbc.PgConnection@22fc7258 (This connection has been closed.). Possibly consider using a shorter maxLifetime value.
2026-09-20 02:44:09.036 WARN  [HikariPool-1:housekeeper] com.zaxxer.hikari.pool.PoolBase - HikariPool-1 - Failed to validate connection org.postgresql.jdbc.PgConnection@582a7055 (This connection has been closed.). Possibly consider using a shorter maxLifetime value.
2026-09-20 02:44:22.255 WARN  [HikariPool-1:housekeeper] com.zaxxer.hikari.pool.PoolBase - HikariPool-1 - Failed to validate connection org.postgresql.jdbc.PgConnection@518ea13d (This connection has been closed.). Possibly consider using a shorter maxLifetime value.
2026-09-20 02:44:31.794 WARN  [HikariPool-1:housekeeper] com.zaxxer.hikari.pool.PoolBase - HikariPool-1 - Failed to validate connection org.postgresql.jdbc.PgConnection@1b82156f (This connection has been closed.). Possibly consider using a shorter maxLifetime value.
2026-09-20 02:44:37.382 WARN  [HikariPool-1:housekeeper] com.zaxxer.hikari.pool.PoolBase - HikariPool-1 - Failed to validate connection org.postgresql.jdbc.PgConnection@69a74019 (This connection has been closed.). Possibly consider using a shorter maxLifetime value.
2026-09-20 02:44:41.927 WARN  [HikariPool-1:housekeeper] com.zaxxer.hikari.pool.PoolBase - HikariPool-1 - Failed to validate connection org.postgresql.jdbc.PgConnection@79804eca (This connection has been closed.). Possibly consider using a shorter maxLifetime value.
2026-09-20 02:44:59.854 WARN  [HikariPool-1:housekeeper] com.zaxxer.hikari.pool.PoolBase - HikariPool-1 - Failed to validate connection org.postgresql.jdbc.PgConnection@10530458 (This connection has been closed.). Possibly consider using a shorter maxLifetime value.
2026-09-20 02:45:05.964 WARN  [HikariPool-1:housekeeper] com.zaxxer.hikari.pool.PoolBase - HikariPool-1 - Failed to validate connection org.postgresql.jdbc.PgConnection@214343cf (This connection has been closed.). Possibly consider using a shorter maxLifetime value.
2026-09-20 02:45:11.666 WARN  [HikariPool-1:housekeeper] com.zaxxer.hikari.pool.PoolBase - HikariPool-1 - Failed to validate connection org.postgresql.jdbc.PgConnection@52b711f6 (This connection has been closed.). Possibly consider using a shorter maxLifetime value.
2026-09-20 02:47:34.167 INFO  [http-nio-8080-exec-5] o.h.b.logging.RequestLoggingFilter - Incoming Request: method=POST, uri=/login
2026-09-20 02:47:34.739 INFO  [http-nio-8080-exec-5] o.h.b.logging.RequestLoggingFilter - Outgoing Response: method=POST, uri=/login, status=200, duration=572ms
2026-09-20 03:17:14.950 WARN  [HikariPool-1:housekeeper] com.zaxxer.hikari.pool.PoolBase - HikariPool-1 - Failed to validate connection org.postgresql.jdbc.PgConnection@13c220b2 (This connection has been closed.). Possibly consider using a shorter maxLifetime value.
2026-09-20 03:17:22.352 WARN  [HikariPool-1:housekeeper] com.zaxxer.hikari.pool.HikariPool - HikariPool-1 - Thread starvation or clock leap detected (housekeeper delta=27m39s482ms).
2026-09-20 03:17:24.869 WARN  [HikariPool-1:housekeeper] com.zaxxer.hikari.pool.PoolBase - HikariPool-1 - Failed to validate connection org.postgresql.jdbc.PgConnection@5608bc02 (This connection has been closed.). Possibly consider using a shorter maxLifetime value.
2026-09-20 03:17:28.612 WARN  [HikariPool-1:housekeeper] com.zaxxer.hikari.pool.PoolBase - HikariPool-1 - Failed to validate connection org.postgresql.jdbc.PgConnection@5e79a757 (This connection has been closed.). Possibly consider using a shorter maxLifetime value.
2026-09-20 03:17:31.369 WARN  [HikariPool-1:housekeeper] com.zaxxer.hikari.pool.PoolBase - HikariPool-1 - Failed to validate connection org.postgresql.jdbc.PgConnection@33d82294 (This connection has been closed.). Possibly consider using a shorter maxLifetime value.
2026-09-20 03:17:32.164 WARN  [HikariPool-1:housekeeper] com.zaxxer.hikari.pool.PoolBase - HikariPool-1 - Failed to validate connection org.postgresql.jdbc.PgConnection@20236041 (This connection has been closed.). Possibly consider using a shorter maxLifetime value.
2026-09-20 03:17:34.161 WARN  [HikariPool-1:housekeeper] com.zaxxer.hikari.pool.PoolBase - HikariPool-1 - Failed to validate connection org.postgresql.jdbc.PgConnection@1a7bcddc (This connection has been closed.). Possibly consider using a shorter maxLifetime value.
2026-09-20 03:17:38.986 WARN  [HikariPool-1:housekeeper] com.zaxxer.hikari.pool.PoolBase - HikariPool-1 - Failed to validate connection org.postgresql.jdbc.PgConnection@92b82db (This connection has been closed.). Possibly consider using a shorter maxLifetime value.
2026-09-20 03:18:29.697 WARN  [HikariPool-1:housekeeper] com.zaxxer.hikari.pool.PoolBase - HikariPool-1 - Failed to validate connection org.postgresql.jdbc.PgConnection@7b15dde8 (This connection has been closed.). Possibly consider using a shorter maxLifetime value.
2026-09-20 03:18:36.813 WARN  [HikariPool-1:housekeeper] com.zaxxer.hikari.pool.PoolBase - HikariPool-1 - Failed to validate connection org.postgresql.jdbc.PgConnection@45eab53 (This connection has been closed.). Possibly consider using a shorter maxLifetime value.
2026-09-20 03:18:55.945 WARN  [HikariPool-1:housekeeper] com.zaxxer.hikari.pool.PoolBase - HikariPool-1 - Failed to validate connection org.postgresql.jdbc.PgConnection@499b11a (This connection has been closed.). Possibly consider using a shorter maxLifetime value.
2026-09-20 03:22:17.489 WARN  [HikariPool-1:housekeeper] com.zaxxer.hikari.pool.HikariPool - HikariPool-1 - Thread starvation or clock leap detected (housekeeper delta=2m25s109ms).
2026-09-20 03:29:48.660 WARN  [HikariPool-1:housekeeper] com.zaxxer.hikari.pool.HikariPool - HikariPool-1 - Thread starvation or clock leap detected (housekeeper delta=2m31s129ms).
2026-09-20 03:34:26.235 WARN  [HikariPool-1:housekeeper] com.zaxxer.hikari.pool.PoolBase - HikariPool-1 - Failed to validate connection org.postgresql.jdbc.PgConnection@4982d0c7 (This connection has been closed.). Possibly consider using a shorter maxLifetime value.
2026-09-20 03:51:14.762 WARN  [HikariPool-1:housekeeper] com.zaxxer.hikari.pool.PoolBase - HikariPool-1 - Failed to validate connection org.postgresql.jdbc.PgConnection@67e97c17 (This connection has been closed.). Possibly consider using a shorter maxLifetime value.
2026-09-20 03:58:37.920 WARN  [HikariPool-1:housekeeper] com.zaxxer.hikari.pool.PoolBase - HikariPool-1 - Failed to validate connection org.postgresql.jdbc.PgConnection@601caaeb (This connection has been closed.). Possibly consider using a shorter maxLifetime value.
2026-09-20 03:58:41.909 WARN  [HikariPool-1:housekeeper] com.zaxxer.hikari.pool.PoolBase - HikariPool-1 - Failed to validate connection org.postgresql.jdbc.PgConnection@191de8dc (This connection has been closed.). Possibly consider using a shorter maxLifetime value.
2026-09-20 03:58:43.097 WARN  [HikariPool-1:housekeeper] com.zaxxer.hikari.pool.PoolBase - HikariPool-1 - Failed to validate connection org.postgresql.jdbc.PgConnection@3538262c (This connection has been closed.). Possibly consider using a shorter maxLifetime value.
2026-09-20 03:58:44.272 WARN  [HikariPool-1:housekeeper] com.zaxxer.hikari.pool.HikariPool - HikariPool-1 - Thread starvation or clock leap detected (housekeeper delta=28m55s613ms).
2026-09-20 03:58:49.935 WARN  [HikariPool-1:housekeeper] com.zaxxer.hikari.pool.PoolBase - HikariPool-1 - Failed to validate connection org.postgresql.jdbc.PgConnection@30769992 (This connection has been closed.). Possibly consider using a shorter maxLifetime value.
2026-09-20 03:58:52.250 WARN  [HikariPool-1:housekeeper] com.zaxxer.hikari.pool.PoolBase - HikariPool-1 - Failed to validate connection org.postgresql.jdbc.PgConnection@43cfb941 (This connection has been closed.). Possibly consider using a shorter maxLifetime value.
2026-09-20 03:59:11.954 WARN  [HikariPool-1:housekeeper] com.zaxxer.hikari.pool.PoolBase - HikariPool-1 - Failed to validate connection org.postgresql.jdbc.PgConnection@3732ee52 (This connection has been closed.). Possibly consider using a shorter maxLifetime value.
2026-09-20 03:59:40.560 WARN  [HikariPool-1:housekeeper] com.zaxxer.hikari.pool.PoolBase - HikariPool-1 - Failed to validate connection org.postgresql.jdbc.PgConnection@112d6a53 (This connection has been closed.). Possibly consider using a shorter maxLifetime value.
2026-09-20 04:00:00.938 WARN  [HikariPool-1:housekeeper] com.zaxxer.hikari.pool.PoolBase - HikariPool-1 - Failed to validate connection org.postgresql.jdbc.PgConnection@f76f758 (This connection has been closed.). Possibly consider using a shorter maxLifetime value.
2026-09-20 04:00:25.770 WARN  [HikariPool-1:housekeeper] com.zaxxer.hikari.pool.PoolBase - HikariPool-1 - Failed to validate connection org.postgresql.jdbc.PgConnection@24f796d5 (This connection has been closed.). Possibly consider using a shorter maxLifetime value.
2026-09-20 04:00:27.758 WARN  [HikariPool-1:housekeeper] com.zaxxer.hikari.pool.PoolBase - HikariPool-1 - Failed to validate connection org.postgresql.jdbc.PgConnection@56870ed (This connection has been closed.). Possibly consider using a shorter maxLifetime value.
2026-09-20 04:16:30.878 WARN  [HikariPool-1:housekeeper] com.zaxxer.hikari.pool.HikariPool - HikariPool-1 - Thread starvation or clock leap detected (housekeeper delta=15m46s583ms).
2026-09-20 04:34:23.011 WARN  [HikariPool-1:housekeeper] com.zaxxer.hikari.pool.PoolBase - HikariPool-1 - Failed to validate connection org.postgresql.jdbc.PgConnection@4b51473a (This connection has been closed.). Possibly consider using a shorter maxLifetime value.
2026-09-20 04:52:19.798 WARN  [HikariPool-1:housekeeper] com.zaxxer.hikari.pool.PoolBase - HikariPool-1 - Failed to validate connection org.postgresql.jdbc.PgConnection@a2cc2ef (This connection has been closed.). Possibly consider using a shorter maxLifetime value.
2026-09-20 04:52:20.978 WARN  [HikariPool-1:housekeeper] com.zaxxer.hikari.pool.HikariPool - HikariPool-1 - Thread starvation or clock leap detected (housekeeper delta=35m50s100ms).
2026-09-20 06:02:29.094 WARN  [HikariPool-1:housekeeper] com.zaxxer.hikari.pool.HikariPool - HikariPool-1 - Thread starvation or clock leap detected (housekeeper delta=1h10m8s116ms).
2026-09-20 06:17:45.478 WARN  [HikariPool-1:housekeeper] com.zaxxer.hikari.pool.PoolBase - HikariPool-1 - Failed to validate connection org.postgresql.jdbc.PgConnection@dacc262 (This connection has been closed.). Possibly consider using a shorter maxLifetime value.
2026-09-20 06:34:02.062 WARN  [HikariPool-1:housekeeper] com.zaxxer.hikari.pool.PoolBase - HikariPool-1 - Failed to validate connection org.postgresql.jdbc.PgConnection@736cad27 (This connection has been closed.). Possibly consider using a shorter maxLifetime value.
2026-09-20 06:34:03.798 WARN  [HikariPool-1:housekeeper] com.zaxxer.hikari.pool.PoolBase - HikariPool-1 - Failed to validate connection org.postgresql.jdbc.PgConnection@162e58d9 (This connection has been closed.). Possibly consider using a shorter maxLifetime value.
2026-09-20 06:34:05.752 WARN  [HikariPool-1:housekeeper] com.zaxxer.hikari.pool.PoolBase - HikariPool-1 - Failed to validate connection org.postgresql.jdbc.PgConnection@7dfa27ac (This connection has been closed.). Possibly consider using a shorter maxLifetime value.
2026-09-20 07:03:24.851 WARN  [HikariPool-1:housekeeper] com.zaxxer.hikari.pool.PoolBase - HikariPool-1 - Failed to validate connection org.postgresql.jdbc.PgConnection@3b7b6811 (This connection has been closed.). Possibly consider using a shorter maxLifetime value.
2026-09-20 07:18:58.919 WARN  [HikariPool-1:housekeeper] com.zaxxer.hikari.pool.PoolBase - HikariPool-1 - Failed to validate connection org.postgresql.jdbc.PgConnection@49e49238 (This connection has been closed.). Possibly consider using a shorter maxLifetime value.
2026-09-20 07:18:59.128 WARN  [HikariPool-1:housekeeper] com.zaxxer.hikari.pool.PoolBase - HikariPool-1 - Failed to validate connection org.postgresql.jdbc.PgConnection@554ccbf (This connection has been closed.). Possibly consider using a shorter maxLifetime value.
2026-09-20 07:18:59.494 WARN  [HikariPool-1:housekeeper] com.zaxxer.hikari.pool.HikariPool - HikariPool-1 - Thread starvation or clock leap detected (housekeeper delta=1h16m30s400ms).
2026-09-20 07:36:48.767 WARN  [HikariPool-1:housekeeper] com.zaxxer.hikari.pool.PoolBase - HikariPool-1 - Failed to validate connection org.postgresql.jdbc.PgConnection@6fa8c556 (This connection has been closed.). Possibly consider using a shorter maxLifetime value.
2026-09-20 08:37:50.013 WARN  [HikariPool-1:housekeeper] com.zaxxer.hikari.pool.HikariPool - HikariPool-1 - Thread starvation or clock leap detected (housekeeper delta=1h18m50s519ms).
2026-09-20 09:05:24.899 WARN  [HikariPool-1:housekeeper] com.zaxxer.hikari.pool.PoolBase - HikariPool-1 - Failed to validate connection org.postgresql.jdbc.PgConnection@230ffc9 (This connection has been closed.). Possibly consider using a shorter maxLifetime value.
2026-09-20 09:05:26.501 WARN  [HikariPool-1:housekeeper] com.zaxxer.hikari.pool.PoolBase - HikariPool-1 - Failed to validate connection org.postgresql.jdbc.PgConnection@3cefca67 (This connection has been closed.). Possibly consider using a shorter maxLifetime value.
2026-09-20 09:49:14.017 WARN  [HikariPool-1:housekeeper] com.zaxxer.hikari.pool.HikariPool - HikariPool-1 - Thread starvation or clock leap detected (housekeeper delta=1h11m24s4ms).
2026-09-20 10:56:26.934 WARN  [HikariPool-1:housekeeper] com.zaxxer.hikari.pool.PoolBase - HikariPool-1 - Failed to validate connection org.postgresql.jdbc.PgConnection@15c42ad9 (This connection has been closed.). Possibly consider using a shorter maxLifetime value.
2026-09-20 10:56:27.309 WARN  [HikariPool-1:housekeeper] com.zaxxer.hikari.pool.PoolBase - HikariPool-1 - Failed to validate connection org.postgresql.jdbc.PgConnection@61e31a59 (This connection has been closed.). Possibly consider using a shorter maxLifetime value.
2026-09-20 10:56:28.700 WARN  [HikariPool-1:housekeeper] com.zaxxer.hikari.pool.PoolBase - HikariPool-1 - Failed to validate connection org.postgresql.jdbc.PgConnection@239d48f0 (This connection has been closed.). Possibly consider using a shorter maxLifetime value.
2026-09-20 11:07:23.833 WARN  [HikariPool-1:housekeeper] com.zaxxer.hikari.pool.HikariPool - HikariPool-1 - Thread starvation or clock leap detected (housekeeper delta=1h18m9s815ms).
2026-09-20 11:24:14.762 WARN  [HikariPool-1:housekeeper] com.zaxxer.hikari.pool.PoolBase - HikariPool-1 - Failed to validate connection org.postgresql.jdbc.PgConnection@173b3cb8 (This connection has been closed.). Possibly consider using a shorter maxLifetime value.
2026-09-20 11:24:15.487 WARN  [HikariPool-1:housekeeper] com.zaxxer.hikari.pool.PoolBase - HikariPool-1 - Failed to validate connection org.postgresql.jdbc.PgConnection@41e6cd8 (This connection has been closed.). Possibly consider using a shorter maxLifetime value.
2026-09-20 11:25:46.755 WARN  [HikariPool-1:housekeeper] com.zaxxer.hikari.pool.PoolBase - HikariPool-1 - Failed to validate connection org.postgresql.jdbc.PgConnection@4d0d7e63 (This connection has been closed.). Possibly consider using a shorter maxLifetime value.
2026-09-20 11:26:00.999 WARN  [HikariPool-1:housekeeper] com.zaxxer.hikari.pool.PoolBase - HikariPool-1 - Failed to validate connection org.postgresql.jdbc.PgConnection@31d4586 (This connection has been closed.). Possibly consider using a shorter maxLifetime value.
2026-09-20 11:26:01.320 WARN  [HikariPool-1:housekeeper] com.zaxxer.hikari.pool.HikariPool - HikariPool-1 - Thread starvation or clock leap detected (housekeeper delta=18m37s488ms).
2026-09-20 11:26:01.517 WARN  [HikariPool-1:housekeeper] com.zaxxer.hikari.pool.PoolBase - HikariPool-1 - Failed to validate connection org.postgresql.jdbc.PgConnection@3d8a11e0 (This connection has been closed.). Possibly consider using a shorter maxLifetime value.
2026-09-20 11:26:35.857 WARN  [HikariPool-1:housekeeper] com.zaxxer.hikari.pool.PoolBase - HikariPool-1 - Failed to validate connection org.postgresql.jdbc.PgConnection@1bd29e54 (This connection has been closed.). Possibly consider using a shorter maxLifetime value.
2026-09-20 11:26:38.017 WARN  [HikariPool-1:housekeeper] com.zaxxer.hikari.pool.PoolBase - HikariPool-1 - Failed to validate connection org.postgresql.jdbc.PgConnection@160dc824 (This connection has been closed.). Possibly consider using a shorter maxLifetime value.
2026-09-20 11:27:12.225 WARN  [HikariPool-1:housekeeper] com.zaxxer.hikari.pool.PoolBase - HikariPool-1 - Failed to validate connection org.postgresql.jdbc.PgConnection@7be5ce14 (This connection has been closed.). Possibly consider using a shorter maxLifetime value.
2026-09-20 11:27:13.849 WARN  [HikariPool-1:housekeeper] com.zaxxer.hikari.pool.PoolBase - HikariPool-1 - Failed to validate connection org.postgresql.jdbc.PgConnection@502a3467 (This connection has been closed.). Possibly consider using a shorter maxLifetime value.
2026-09-20 11:27:29.125 WARN  [HikariPool-1:housekeeper] com.zaxxer.hikari.pool.PoolBase - HikariPool-1 - Failed to validate connection org.postgresql.jdbc.PgConnection@289e9aae (This connection has been closed.). Possibly consider using a shorter maxLifetime value.
2026-09-20 11:35:17.469 INFO  [SpringApplicationShutdownHook] o.s.boot.tomcat.GracefulShutdown - Commencing graceful shutdown. Waiting for active requests to complete
2026-09-20 11:35:17.473 INFO  [tomcat-shutdown] o.s.boot.tomcat.GracefulShutdown - Graceful shutdown complete
2026-09-20 11:35:17.475 INFO  [SpringApplicationShutdownHook] o.s.o.j.LocalContainerEntityManagerFactoryBean - Closing JPA EntityManagerFactory for persistence unit 'default'
2026-09-20 11:35:17.478 INFO  [SpringApplicationShutdownHook] com.zaxxer.hikari.HikariDataSource - HikariPool-1 - Shutdown initiated...
2026-09-20 11:35:19.973 INFO  [SpringApplicationShutdownHook] com.zaxxer.hikari.HikariDataSource - HikariPool-1 - Shutdown completed.
